// Jest Snapshot v1, https://goo.gl/fbAQLP

exports[`NPHCDA schedule — golden file computes the same schedule it did yesterday 1`] = `
[
  {
    "daysUntilDue": -259,
    "dueDate": "2025-06-15",
    "id": "bcg",
    "offsetDays": 0,
    "status": "overdue",
    "visit": "birth",
  },
  {
    "daysUntilDue": -259,
    "dueDate": "2025-06-15",
    "id": "opv-0",
    "offsetDays": 0,
    "status": "overdue",
    "visit": "birth",
  },
  {
    "daysUntilDue": -259,
    "dueDate": "2025-06-15",
    "id": "hepb-0",
    "offsetDays": 0,
    "status": "overdue",
    "visit": "birth",
  },
  {
    "daysUntilDue": -217,
    "dueDate": "2025-07-27",
    "id": "penta-1",
    "offsetDays": 42,
    "status": "overdue",
    "visit": "week-6",
  },
  {
    "daysUntilDue": -217,
    "dueDate": "2025-07-27",
    "id": "pcv-1",
    "offsetDays": 42,
    "status": "overdue",
    "visit": "week-6",
  },
  {
    "daysUntilDue": -217,
    "dueDate": "2025-07-27",
    "id": "opv-1",
    "offsetDays": 42,
    "status": "overdue",
    "visit": "week-6",
  },
  {
    "daysUntilDue": -217,
    "dueDate": "2025-07-27",
    "id": "ipv-1",
    "offsetDays": 42,
    "status": "overdue",
    "visit": "week-6",
  },
  {
    "daysUntilDue": -217,
    "dueDate": "2025-07-27",
    "id": "rota-1",
    "offsetDays": 42,
    "status": "overdue",
    "visit": "week-6",
  },
  {
    "daysUntilDue": -189,
    "dueDate": "2025-08-24",
    "id": "penta-2",
    "offsetDays": 70,
    "status": "overdue",
    "visit": "week-10",
  },
  {
    "daysUntilDue": -189,
    "dueDate": "2025-08-24",
    "id": "pcv-2",
    "offsetDays": 70,
    "status": "overdue",
    "visit": "week-10",
  },
  {
    "daysUntilDue": -189,
    "dueDate": "2025-08-24",
    "id": "opv-2",
    "offsetDays": 70,
    "status": "overdue",
    "visit": "week-10",
  },
  {
    "daysUntilDue": -189,
    "dueDate": "2025-08-24",
    "id": "rota-2",
    "offsetDays": 70,
    "status": "overdue",
    "visit": "week-10",
  },
  {
    "daysUntilDue": -161,
    "dueDate": "2025-09-21",
    "id": "penta-3",
    "offsetDays": 98,
    "status": "overdue",
    "visit": "week-14",
  },
  {
    "daysUntilDue": -161,
    "dueDate": "2025-09-21",
    "id": "pcv-3",
    "offsetDays": 98,
    "status": "overdue",
    "visit": "week-14",
  },
  {
    "daysUntilDue": -161,
    "dueDate": "2025-09-21",
    "id": "opv-3",
    "offsetDays": 98,
    "status": "overdue",
    "visit": "week-14",
  },
  {
    "daysUntilDue": -161,
    "dueDate": "2025-09-21",
    "id": "rota-3",
    "offsetDays": 98,
    "status": "overdue",
    "visit": "week-14",
  },
  {
    "daysUntilDue": -161,
    "dueDate": "2025-09-21",
    "id": "ipv-2",
    "offsetDays": 98,
    "status": "overdue",
    "visit": "week-14",
  },
  {
    "daysUntilDue": -77,
    "dueDate": "2025-12-14",
    "id": "vitamin-a-1",
    "offsetDays": 182,
    "status": "overdue",
    "visit": "month-6",
  },
  {
    "daysUntilDue": 14,
    "dueDate": "2026-03-15",
    "id": "mr-1",
    "offsetDays": 273,
    "status": "due",
    "visit": "month-9",
  },
  {
    "daysUntilDue": 14,
    "dueDate": "2026-03-15",
    "id": "yellow-fever",
    "offsetDays": 273,
    "status": "due",
    "visit": "month-9",
  },
  {
    "daysUntilDue": 14,
    "dueDate": "2026-03-15",
    "id": "men-a",
    "offsetDays": 273,
    "status": "due",
    "visit": "month-9",
  },
  {
    "daysUntilDue": 14,
    "dueDate": "2026-03-15",
    "id": "vitamin-a-2",
    "offsetDays": 273,
    "status": "due",
    "visit": "month-9",
  },
  {
    "daysUntilDue": 196,
    "dueDate": "2026-09-13",
    "id": "mr-2",
    "offsetDays": 455,
    "status": "upcoming",
    "visit": "month-15",
  },
  {
    "daysUntilDue": 3017,
    "dueDate": "2034-06-04",
    "id": "hpv",
    "offsetDays": 3276,
    "status": "upcoming",
    "visit": "year-9",
  },
]
`;

exports[`NPHCDA schedule — golden file groups into the same clinic visits it did yesterday 1`] = `
[
  {
    "doses": [
      "bcg",
      "opv-0",
      "hepb-0",
    ],
    "dueDate": "2025-06-15",
    "status": "overdue",
    "visitId": "birth",
    "visitLabel": "At birth",
  },
  {
    "doses": [
      "penta-1",
      "pcv-1",
      "opv-1",
      "ipv-1",
      "rota-1",
    ],
    "dueDate": "2025-07-27",
    "status": "overdue",
    "visitId": "week-6",
    "visitLabel": "6 weeks",
  },
  {
    "doses": [
      "penta-2",
      "pcv-2",
      "opv-2",
      "rota-2",
    ],
    "dueDate": "2025-08-24",
    "status": "overdue",
    "visitId": "week-10",
    "visitLabel": "10 weeks",
  },
  {
    "doses": [
      "penta-3",
      "pcv-3",
      "opv-3",
      "rota-3",
      "ipv-2",
    ],
    "dueDate": "2025-09-21",
    "status": "overdue",
    "visitId": "week-14",
    "visitLabel": "14 weeks",
  },
  {
    "doses": [
      "vitamin-a-1",
    ],
    "dueDate": "2025-12-14",
    "status": "overdue",
    "visitId": "month-6",
    "visitLabel": "6 months",
  },
  {
    "doses": [
      "mr-1",
      "yellow-fever",
      "men-a",
      "vitamin-a-2",
    ],
    "dueDate": "2026-03-15",
    "status": "due",
    "visitId": "month-9",
    "visitLabel": "9 months",
  },
  {
    "doses": [
      "mr-2",
    ],
    "dueDate": "2026-09-13",
    "status": "upcoming",
    "visitId": "month-15",
    "visitLabel": "15 months",
  },
  {
    "doses": [
      "hpv",
    ],
    "dueDate": "2034-06-04",
    "status": "upcoming",
    "visitId": "year-9",
    "visitLabel": "9 years",
  },
]
`;

exports[`NPHCDA schedule — golden file summarises the same way it did yesterday 1`] = `
{
  "completion": 0,
  "dueCount": 4,
  "givenCount": 0,
  "nextVisit": {
    "complete": false,
    "daysUntilDue": -259,
    "dueDate": "2025-06-15",
    "items": [
      {
        "daysUntilDue": -259,
        "dose": {
          "doseLabel": "Birth dose",
          "id": "bcg",
          "note": "0.05ml · left upper arm",
          "offsetDays": 0,
          "protectsAgainst": [
            "Tuberculosis",
          ],
          "route": "intradermal",
          "shortName": "BCG",
          "vaccineId": "bcg",
          "vaccineName": "BCG",
          "visitId": "birth",
          "visitLabel": "At birth",
        },
        "dueDate": "2025-06-15",
        "record": null,
        "status": "overdue",
      },
      {
        "daysUntilDue": -259,
        "dose": {
          "doseLabel": "Birth dose (OPV0)",
          "id": "opv-0",
          "note": "2 drops · mouth",
          "offsetDays": 0,
          "protectsAgainst": [
            "Poliomyelitis",
          ],
          "route": "oral",
          "shortName": "OPV",
          "vaccineId": "opv",
          "vaccineName": "Oral Polio Vaccine",
          "visitId": "birth",
          "visitLabel": "At birth",
        },
        "dueDate": "2025-06-15",
        "record": null,
        "status": "overdue",
      },
      {
        "daysUntilDue": -259,
        "dose": {
          "doseLabel": "Birth dose (Hep B0)",
          "id": "hepb-0",
          "note": "0.5ml · intramuscular · anterolateral aspect of right thigh",
          "offsetDays": 0,
          "protectsAgainst": [
            "Hepatitis B",
          ],
          "route": "injection",
          "shortName": "Hep B",
          "vaccineId": "hepb",
          "vaccineName": "Hepatitis B vaccine",
          "visitId": "birth",
          "visitLabel": "At birth",
        },
        "dueDate": "2025-06-15",
        "record": null,
        "status": "overdue",
      },
    ],
    "status": "overdue",
    "visitId": "birth",
    "visitLabel": "At birth",
  },
  "overdueCount": 18,
  "totalDoses": 24,
}
`;
